// Vitest Snapshot v1, https://vitest.dev/guide/snapshot.html

exports[`<SearchInput /> > renders correctly 1`] = `
<div>
  <input
    class="react-infinity-menu-default-search-input"
    placeholder=""
    type="search"
    value=""
  />
</div>
`;
