// Vitest Snapshot v1, https://vitest.dev/guide/snapshot.html

exports[`<EditorForm /> > should render correctly 1`] = `
<div>
  <div
    class="add-box col-xs-12"
  >
    <h4>
      Käsittelyprosessin tiedot
    </h4>
    <form
      class="editor-form"
    >
      <div
        class="col-xs-12 col-lg-6 form-group"
      >
        <input
          type="checkbox"
          value="true"
        />
        <label
          class="editor-form__label"
        >
          Julkisuusluokka
        </label>
        <div
          class="Select form-control editor-form__select css-2b097c-container"
        >
          <div
            class=" css-yk16xz-control"
          >
            <div
              class=" css-g1d714-ValueContainer"
            >
              <div
                class=" css-1wa3eu0-placeholder"
              >
                Valitse...
              </div>
              <div
                class="css-b8ldur-Input"
              >
                <div
                  class=""
                  style="display: inline-block;"
                >
                  <input
                    aria-autocomplete="list"
                    autocapitalize="none"
                    autocomplete="off"
                    autocorrect="off"
                    id="react-select-2-input"
                    spellcheck="false"
                    style="box-sizing: content-box; width: 2px; border: 0px; opacity: 1; outline: 0; padding: 0px;"
                    tabindex="0"
                    type="text"
                    value=""
                  />
                  <div
                    style="position: absolute; top: 0px; left: 0px; visibility: hidden; height: 0px; overflow: scroll; white-space: pre; font-size: 100%; font-family: inherit; letter-spacing: normal; text-transform: none;"
                  />
                </div>
              </div>
            </div>
            <div
              class=" css-1hb7zxy-IndicatorsContainer"
            >
              <span
                class=" css-1okebmr-indicatorSeparator"
              />
              <div
                aria-hidden="true"
                class=" css-tlfecz-indicatorContainer"
              >
                <svg
                  aria-hidden="true"
                  class="css-6q0nyr-Svg"
                  focusable="false"
                  height="20"
                  viewBox="0 0 20 20"
                  width="20"
                >
                  <path
                    d="M4.516 7.548c0.436-0.446 1.043-0.481 1.576 0l3.908 3.747 3.908-3.747c0.533-0.481 1.141-0.446 1.574 0 0.436 0.445 0.408 1.197 0 1.615-0.406 0.418-4.695 4.502-4.695 4.502-0.217 0.223-0.502 0.335-0.787 0.335s-0.57-0.112-0.789-0.335c0 0-4.287-4.084-4.695-4.502s-0.436-1.17 0-1.615z"
                  />
                </svg>
              </div>
            </div>
          </div>
        </div>
      </div>
      <div
        class="col-xs-12 col-lg-6 form-group"
      >
        <input
          type="checkbox"
          value="true"
        />
        <label
          class="editor-form__label"
        >
          Säilytysaika
        </label>
        <div
          class="Select form-control editor-form__select css-2b097c-container"
        >
          <div
            class=" css-yk16xz-control"
          >
            <div
              class=" css-g1d714-ValueContainer"
            >
              <div
                class=" css-1wa3eu0-placeholder"
              >
                Valitse...
              </div>
              <div
                class="css-b8ldur-Input"
              >
                <div
                  class=""
                  style="display: inline-block;"
                >
                  <input
                    aria-autocomplete="list"
                    autocapitalize="none"
                    autocomplete="off"
                    autocorrect="off"
                    id="react-select-3-input"
                    spellcheck="false"
                    style="box-sizing: content-box; width: 2px; border: 0px; opacity: 1; outline: 0; padding: 0px;"
                    tabindex="0"
                    type="text"
                    value=""
                  />
                  <div
                    style="position: absolute; top: 0px; left: 0px; visibility: hidden; height: 0px; overflow: scroll; white-space: pre; font-size: 100%; font-family: inherit; letter-spacing: normal; text-transform: none;"
                  />
                </div>
              </div>
            </div>
            <div
              class=" css-1hb7zxy-IndicatorsContainer"
            >
              <span
                class=" css-1okebmr-indicatorSeparator"
              />
              <div
                aria-hidden="true"
                class=" css-tlfecz-indicatorContainer"
              >
                <svg
                  aria-hidden="true"
                  class="css-6q0nyr-Svg"
                  focusable="false"
                  height="20"
                  viewBox="0 0 20 20"
                  width="20"
                >
                  <path
                    d="M4.516 7.548c0.436-0.446 1.043-0.481 1.576 0l3.908 3.747 3.908-3.747c0.533-0.481 1.141-0.446 1.574 0 0.436 0.445 0.408 1.197 0 1.615-0.406 0.418-4.695 4.502-4.695 4.502-0.217 0.223-0.502 0.335-0.787 0.335s-0.57-0.112-0.789-0.335c0 0-4.287-4.084-4.695-4.502s-0.436-1.17 0-1.615z"
                  />
                </svg>
              </div>
            </div>
          </div>
        </div>
      </div>
      <div
        class="col-xs-12 col-lg-6 form-group"
      >
        <input
          type="checkbox"
          value="true"
        />
        <label
          class="editor-form__label"
        >
          Säilytysajan peruste
        </label>
        <div
          class="Select form-control editor-form__select css-2b097c-container"
        >
          <div
            class=" css-yk16xz-control"
          >
            <div
              class=" css-g1d714-ValueContainer"
            >
              <div
                class=" css-1wa3eu0-placeholder"
              >
                Valitse...
              </div>
              <div
                class="css-b8ldur-Input"
              >
                <div
                  class=""
                  style="display: inline-block;"
                >
                  <input
                    aria-autocomplete="list"
                    autocapitalize="none"
                    autocomplete="off"
                    autocorrect="off"
                    id="react-select-4-input"
                    spellcheck="false"
                    style="box-sizing: content-box; width: 2px; border: 0px; opacity: 1; outline: 0; padding: 0px;"
                    tabindex="0"
                    type="text"
                    value=""
                  />
                  <div
                    style="position: absolute; top: 0px; left: 0px; visibility: hidden; height: 0px; overflow: scroll; white-space: pre; font-size: 100%; font-family: inherit; letter-spacing: normal; text-transform: none;"
                  />
                </div>
              </div>
            </div>
            <div
              class=" css-1hb7zxy-IndicatorsContainer"
            >
              <span
                class=" css-1okebmr-indicatorSeparator"
              />
              <div
                aria-hidden="true"
                class=" css-tlfecz-indicatorContainer"
              >
                <svg
                  aria-hidden="true"
                  class="css-6q0nyr-Svg"
                  focusable="false"
                  height="20"
                  viewBox="0 0 20 20"
                  width="20"
                >
                  <path
                    d="M4.516 7.548c0.436-0.446 1.043-0.481 1.576 0l3.908 3.747 3.908-3.747c0.533-0.481 1.141-0.446 1.574 0 0.436 0.445 0.408 1.197 0 1.615-0.406 0.418-4.695 4.502-4.695 4.502-0.217 0.223-0.502 0.335-0.787 0.335s-0.57-0.112-0.789-0.335c0 0-4.287-4.084-4.695-4.502s-0.436-1.17 0-1.615z"
                  />
                </svg>
              </div>
            </div>
          </div>
        </div>
      </div>
      <div
        class="col-xs-12 col-lg-6 form-group"
      >
        <input
          type="checkbox"
          value="true"
        />
        <label
          class="editor-form__label"
        >
          Henkilötietoluonne
        </label>
        <div
          class="Select form-control editor-form__select css-2b097c-container"
        >
          <div
            class=" css-yk16xz-control"
          >
            <div
              class=" css-g1d714-ValueContainer"
            >
              <div
                class=" css-1wa3eu0-placeholder"
              >
                Valitse...
              </div>
              <div
                class="css-b8ldur-Input"
              >
                <div
                  class=""
                  style="display: inline-block;"
                >
                  <input
                    aria-autocomplete="list"
                    autocapitalize="none"
                    autocomplete="off"
                    autocorrect="off"
                    id="react-select-5-input"
                    spellcheck="false"
                    style="box-sizing: content-box; width: 2px; border: 0px; opacity: 1; outline: 0; padding: 0px;"
                    tabindex="0"
                    type="text"
                    value=""
                  />
                  <div
                    style="position: absolute; top: 0px; left: 0px; visibility: hidden; height: 0px; overflow: scroll; white-space: pre; font-size: 100%; font-family: inherit; letter-spacing: normal; text-transform: none;"
                  />
                </div>
              </div>
            </div>
            <div
              class=" css-1hb7zxy-IndicatorsContainer"
            >
              <span
                class=" css-1okebmr-indicatorSeparator"
              />
              <div
                aria-hidden="true"
                class=" css-tlfecz-indicatorContainer"
              >
                <svg
                  aria-hidden="true"
                  class="css-6q0nyr-Svg"
                  focusable="false"
                  height="20"
                  viewBox="0 0 20 20"
                  width="20"
                >
                  <path
                    d="M4.516 7.548c0.436-0.446 1.043-0.481 1.576 0l3.908 3.747 3.908-3.747c0.533-0.481 1.141-0.446 1.574 0 0.436 0.445 0.408 1.197 0 1.615-0.406 0.418-4.695 4.502-4.695 4.502-0.217 0.223-0.502 0.335-0.787 0.335s-0.57-0.112-0.789-0.335c0 0-4.287-4.084-4.695-4.502s-0.436-1.17 0-1.615z"
                  />
                </svg>
              </div>
            </div>
          </div>
        </div>
      </div>
      <div
        class="col-xs-12 col-lg-6 form-group"
      >
        <input
          type="checkbox"
          value="true"
        />
        <label
          class="editor-form__label"
        >
          Henkilötunnus
        </label>
        <div
          class="Select form-control editor-form__select css-2b097c-container"
        >
          <div
            class=" css-yk16xz-control"
          >
            <div
              class=" css-g1d714-ValueContainer"
            >
              <div
                class=" css-1wa3eu0-placeholder"
              >
                Valitse...
              </div>
              <div
                class="css-b8ldur-Input"
              >
                <div
                  class=""
                  style="display: inline-block;"
                >
                  <input
                    aria-autocomplete="list"
                    autocapitalize="none"
                    autocomplete="off"
                    autocorrect="off"
                    id="react-select-6-input"
                    spellcheck="false"
                    style="box-sizing: content-box; width: 2px; border: 0px; opacity: 1; outline: 0; padding: 0px;"
                    tabindex="0"
                    type="text"
                    value=""
                  />
                  <div
                    style="position: absolute; top: 0px; left: 0px; visibility: hidden; height: 0px; overflow: scroll; white-space: pre; font-size: 100%; font-family: inherit; letter-spacing: normal; text-transform: none;"
                  />
                </div>
              </div>
            </div>
            <div
              class=" css-1hb7zxy-IndicatorsContainer"
            >
              <span
                class=" css-1okebmr-indicatorSeparator"
              />
              <div
                aria-hidden="true"
                class=" css-tlfecz-indicatorContainer"
              >
                <svg
                  aria-hidden="true"
                  class="css-6q0nyr-Svg"
                  focusable="false"
                  height="20"
                  viewBox="0 0 20 20"
                  width="20"
                >
                  <path
                    d="M4.516 7.548c0.436-0.446 1.043-0.481 1.576 0l3.908 3.747 3.908-3.747c0.533-0.481 1.141-0.446 1.574 0 0.436 0.445 0.408 1.197 0 1.615-0.406 0.418-4.695 4.502-4.695 4.502-0.217 0.223-0.502 0.335-0.787 0.335s-0.57-0.112-0.789-0.335c0 0-4.287-4.084-4.695-4.502s-0.436-1.17 0-1.615z"
                  />
                </svg>
              </div>
            </div>
          </div>
        </div>
      </div>
      <div
        class="col-xs-12"
      >
        <button
          class="btn btn-success pull-right editor-form__submit"
          type="submit"
        >
          OK
        </button>
        <button
          class="btn btn-danger pull-right editor-form__cancel"
          type="button"
        >
          Peruuta
        </button>
        <button
          class="btn btn-primary pull-right editor-form__cancel"
          type="button"
        >
          Näytä lisää
        </button>
      </div>
    </form>
  </div>
</div>
`;
