// Vitest Snapshot v1, https://vitest.dev/guide/snapshot.html

exports[`<AppContainer /> > should render correctly 1`] = `
<div>
  <div
    style="height: 100%;"
  >
    <div
      class="core-layout__viewport"
    >
      <div
        class="header"
      >
        <nav
          class="navbar navbar-inverse container-fluid"
          style="background-color: rgb(0, 114, 198);"
        >
          <a
            class="brand-title navbar-brand logo"
            href="/"
          >
            <svg
              viewBox="0 0 495 230"
              xmlns="http://www.w3.org/2000/svg"
            >
              <path
                d="M479.8 14.9v131.5c0 25.1-20.7 45.6-46.2 45.6H292.9c-16.9 0-32.9 6.1-45.4 17.4C235 198.2 219 192 202.1 192h-141c-25.3 0-45.8-20.4-45.8-45.6V14.9H479.8zM255 221.9c10.1-10.1 23.6-15.7 38-15.7h140.6c33.3 0 60.4-26.8 60.4-59.8V0.6H1v145.7c0 33 26.9 59.8 60.1 59.8h141c14.3 0 27.8 5.6 38 15.7l7.5 7.5L255 221.9z"
              />
              <path
                d="M425.7 74.8c0 4.4-3.5 7.6-7.9 7.6s-7.9-3.2-7.9-7.6 3.5-7.6 7.9-7.6C422.2 67 425.7 70.2 425.7 74.8M410.9 136.9h13.7V88.2h-13.7V136.9zM386.3 107.5l17.9 29.4h-14.9l-12-19.5 -6.5 8.2v11.3h-13.6v-70h13.6v32.3c0 6-0.7 12-0.7 12h0.3c0 0 3.2-5.3 5.9-9.1l10.4-13.9h16L386.3 107.5zM343.4 105.7c0-12.1-5.9-18.7-15.3-18.7 -8 0-12.2 4.7-14.6 9.2h-0.3l0.7-8h-13.6v48.7h13.6V108c0-5.6 3.3-9.5 8.4-9.5s7.3 3.4 7.3 9.9v28.5h13.7L343.4 105.7 343.4 105.7zM287.2 74.8c0 4.4-3.5 7.6-7.9 7.6s-7.9-3.2-7.9-7.6 3.5-7.6 7.9-7.6C283.8 67 287.2 70.2 287.2 74.8M272.4 136.9h13.7V88.2h-13.7V136.9zM248.8 123.3c0-3.9-5.4-4.7-11.7-6.5 -7.3-1.9-16.5-5.6-16.5-14.9 0-9.2 8.8-15 19.2-15 9.7 0 18.6 4.6 22.3 11.1l-11.7 6.6c-1.2-4.3-4.8-7.7-10.2-7.7 -3.5 0-6.4 1.5-6.4 4.4 0 3.7 6.4 4.1 13.6 6.4 7.6 2.4 14.6 5.9 14.6 14.8 0 9.8-9.1 15.6-19.6 15.6 -11.4 0-20.4-4.8-24.4-12.6l11.9-6.7c1.5 5.3 5.8 9.3 12.3 9.3C246.1 128.1 248.8 126.5 248.8 123.3M205.5 67.3h-13.7v56.1c0 5 1.1 8.7 3.2 11 2.2 2.3 5.6 3.4 10.3 3.4 1.6 0 3.3-0.2 4.9-0.5 1.7-0.4 3-0.9 4.1-1.5l1.2-9.2c-1.1 0.4-2 0.7-2.9 0.8 -0.8 0.2-1.8 0.2-2.9 0.2 -1.8 0-2.6-0.5-3.2-1.4 -0.7-0.9-1-2.5-1-4.8V67.3zM159.9 96.8c-5 0-9.1 3.6-10.2 10.2h19.2C169 101.2 165.2 96.8 159.9 96.8M181 116.2h-31.5c0.6 7.9 5 11.8 10.7 11.8 5.1 0 8.6-3.4 9.4-8l11.5 6.5c-3.4 6.2-10.7 11.6-20.9 11.6 -13.6 0-23.6-9.5-23.6-25.5 0-15.9 10.2-25.5 23.3-25.5s21.8 9.3 21.8 22.5C181.6 113.5 181 116.2 181 116.2M111.3 136.9h14.2V69.9h-14.2v26.5H84.6V70H70.4v66.9h14.2v-27.7h26.7V136.9z"
              />
            </svg>
          </a>
          <a
            class="brand-title navbar-brand"
            href="/"
          >
            Tiedonohjaus
          </a>
          <p
            class="navbar-text"
          >
            <small>
              
               
              123
            </small>
          </p>
          <p
            class="navbar-text pull-right login-link"
          >
            <button
              class="btn btn-link login-button"
              type="button"
            >
              Kirjaudu ulos
            </button>
          </p>
          <p
            class="navbar-text pull-right"
          >
            <a
              class="navbar-link"
              href="/search"
            >
              Haku
            </a>
          </p>
          <p
            class="navbar-text pull-right"
          >
            <a
              class="navbar-link"
              href="https://hel.fi"
              rel="noreferrer"
              target="_blank"
            >
              Anna palautetta
            </a>
          </p>
        </nav>
        <div
          class="loader-container"
        >
          <span
            class="fa-solid fa-2x fa-spinner fa-spin loader"
          />
        </div>
      </div>
      <div
        class="core-layout__navigation"
      >
        <div
          class="helerm-navigation"
        >
          <div
            class="navigation-menu navigation-open"
            id="navigation-menu"
          >
            <div
              style="min-height: 0px;"
            >
              <div
                class=" "
                style="transform: translateZ(0);"
              >
                <div
                  class="navigation-header clearfix"
                >
                  <button
                    class="pull-left nav-button"
                    type="button"
                  >
                    <span
                      aria-hidden="true"
                      class="fa-solid fa-list"
                    />
                  </button>
                </div>
                <div
                  class="navigation-container"
                >
                  <div
                    class="navigation-toggle"
                  >
                    <button
                      class="nav-button"
                      type="button"
                    >
                      <span
                        aria-hidden="true"
                        class="fa-solid fa-xmark"
                      />
                    </button>
                  </div>
                  <div
                    class="navigation-filters clearfix"
                  >
                    <div
                      class="navigation-filters-container"
                    >
                      <div
                        class="row"
                      >
                        <div
                          class="col-sm-6"
                        >
                          <input
                            class="react-infinity-menu-default-search-input"
                            placeholder="Etsi..."
                            type="search"
                            value=""
                          />
                        </div>
                        <div
                          class="col-sm-6"
                        >
                          <div
                            class=""
                          >
                            <div
                              class=""
                            >
                              <div
                                class="Select css-2b097c-container"
                              >
                                <div
                                  class=" css-yk16xz-control"
                                >
                                  <div
                                    class=" css-g1d714-ValueContainer"
                                  >
                                    <div
                                      class=" css-1wa3eu0-placeholder"
                                    >
                                      Suodata tilan mukaan...
                                    </div>
                                    <div
                                      class="css-b8ldur-Input"
                                    >
                                      <div
                                        class=""
                                        style="display: inline-block;"
                                      >
                                        <input
                                          aria-autocomplete="list"
                                          autocapitalize="none"
                                          autocomplete="off"
                                          autocorrect="off"
                                          id="react-select-2-input"
                                          spellcheck="false"
                                          style="box-sizing: content-box; width: 2px; border: 0px; opacity: 1; outline: 0; padding: 0px;"
                                          tabindex="0"
                                          type="text"
                                          value=""
                                        />
                                        <div
                                          style="position: absolute; top: 0px; left: 0px; visibility: hidden; height: 0px; overflow: scroll; white-space: pre; font-family: inherit; letter-spacing: normal; text-transform: none;"
                                        />
                                      </div>
                                    </div>
                                  </div>
                                  <div
                                    class=" css-1hb7zxy-IndicatorsContainer"
                                  >
                                    <span
                                      class=" css-1okebmr-indicatorSeparator"
                                    />
                                    <div
                                      aria-hidden="true"
                                      class=" css-tlfecz-indicatorContainer"
                                    >
                                      <svg
                                        aria-hidden="true"
                                        class="css-6q0nyr-Svg"
                                        focusable="false"
                                        height="20"
                                        viewBox="0 0 20 20"
                                        width="20"
                                      >
                                        <path
                                          d="M4.516 7.548c0.436-0.446 1.043-0.481 1.576 0l3.908 3.747 3.908-3.747c0.533-0.481 1.141-0.446 1.574 0 0.436 0.445 0.408 1.197 0 1.615-0.406 0.418-4.695 4.502-4.695 4.502-0.217 0.223-0.502 0.335-0.787 0.335s-0.57-0.112-0.789-0.335c0 0-4.287-4.084-4.695-4.502s-0.436-1.17 0-1.615z"
                                        />
                                      </svg>
                                    </div>
                                  </div>
                                </div>
                              </div>
                            </div>
                          </div>
                        </div>
                      </div>
                    </div>
                    <div
                      class="classification-link"
                    >
                      <a
                        class="btn btn-primary btn-sm"
                        href="/classification-tree"
                      >
                        <span
                          aria-hidden="true"
                          class="fa-solid fa-info"
                        />
                      </a>
                    </div>
                  </div>
                  <div
                    class="infinity-menu-container"
                  >
                    <div
                      class="infinity-menu-display-tree-container"
                    />
                  </div>
                </div>
              </div>
            </div>
          </div>
        </div>
      </div>
      <div
        class="container-fluid helerm-content"
        style="display: none;"
      />
      <div
        class="loader-container"
      >
        <span
          class="fa-solid fa-2x fa-spinner fa-spin loader"
        />
      </div>
    </div>
    <div
      aria-live="assertive"
      class="redux-toastr"
    >
      <div>
        <div
          class="top-left"
        />
        <div
          class="top-right"
        />
        <div
          class="top-center"
        />
        <div
          class="bottom-left"
        />
        <div
          class="bottom-right"
        />
        <div
          class="bottom-center"
        />
      </div>
    </div>
  </div>
</div>
`;
